
> frontend@0.1.0 build
> next build

▲ Next.js 16.1.1 (Turbopack)
- Environments: .env.local
- Experiments (use with caution):
  · optimizePackageImports

  Creating an optimized production build ...
node.exe : 
At line:1 char:1
+ & "C:\Program Files\nodejs/node.exe" "C:\Program 
Files\nodejs/node_mo ...
+ ~~~~~~~~~~~~~~~~~~~~~~~~~~~~~~~~~~~~~~~~~~~~~~~~~~~
~~~~~~~~~~~~~~~~~~
    + CategoryInfo          : NotSpecified: (:Str    
ing) [], RemoteException
    + FullyQualifiedErrorId : NativeCommandError
 
> Build error occurred
Error: Turbopack build failed with 2 errors:
./components/selectors/UserSelector.tsx:15:1
Export AppUser doesn't exist in target module
[0m [90m 13 |[39m [36mimport[39m { useDebounce 
} [36mfrom[39m [32m"@/hooks/use-debounce"[39m
 [90m 14 |[39m [36mimport[39m { useUserSearch } 
[36mfrom[39m 
[32m"@/features/users/hooks/useUserSearch"[39m
[31m[1m>[22m[39m[90m 15 |[39m [36mimport[39m 
{ [33mAppUser[39m [36mas[39m [33mUser[39m } 
[36mfrom[39m [32m"@/types/entities"[39m
 [90m    |[39m [31m[1m^[22m[39m[31m[1m^[22m
[39m[31m[1m^[22m[39m[31m[1m^[22m[39m[31m[1m
^[22m[39m[31m[1m^[22m[39m[31m[1m^[22m[39m[
31m[1m^[22m[39m[31m[1m^[22m[39m[31m[1m^[22m
[39m[31m[1m^[22m[39m[31m[1m^[22m[39m[31m[1
m^[22m[39m[31m[1m^[22m[39m[31m[1m^[22m[39m
[31m[1m^[22m[39m[31m[1m^[22m[39m[31m[1m^[22
m[39m[31m[1m^[22m[39m[31m[1m^[22m[39m[31m[
1m^[22m[39m[31m[1m^[22m[39m[31m[1m^[22m[39m
[31m[1m^[22m[39m[31m[1m^[22m[39m[31m[1m^[2
2m[39m[31m[1m^[22m[39m[31m[1m^[22m[39m[31m
[1m^[22m[39m[31m[1m^[22m[39m[31m[1m^[22m[39
m[31m[1m^[22m[39m[31m[1m^[22m[39m[31m[1m^[
22m[39m[31m[1m^[22m[39m[31m[1m^[22m[39m[31m
[1m^[22m[39m[31m[1m^[22m[39m[31m[1m^[22m[3
9m[31m[1m^[22m[39m[31m[1m^[22m[39m[31m[1m^
[22m[39m[31m[1m^[22m[39m[31m[1m^[22m[39m[31
m[1m^[22m[39m[31m[1m^[22m[39m[31m[1m^[22m[
39m[31m[1m^[22m[39m[31m[1m^[22m[39m[31m[1m^
[22m[39m
 [90m 16 |[39m
 [90m 17 |[39m [36minterface[39m 
[33mUserSelectorProps[39m {
 [90m 18 |[39m     value[33m?[39m[33m:[39m 
number [33m|[39m [36mnull[39m[0m

The export AppUser was not found in module 
[project]/types/entities.ts [app-client] 
(ecmascript).
The module has no exports at all.
All exports of the module are statically known (It 
doesn't have dynamic exports). So it's known 
statically that the requested export doesn't exist.

Import traces:
  Client Component Browser:
    ./components/selectors/UserSelector.tsx [Client 
Component Browser]
    
./features/workflow/components/WorkflowSettings.tsx 
[Client Component Browser]
    
./features/workflow/components/WorkflowSettings.tsx 
[Server Component]
    ./app/(dashboard)/settings/workflow/page.tsx 
[Server Component]

  Client Component SSR:
    ./components/selectors/UserSelector.tsx [Client 
Component SSR]
    
./features/workflow/components/WorkflowSettings.tsx 
[Client Component SSR]
    
./features/workflow/components/WorkflowSettings.tsx 
[Server Component]
    ./app/(dashboard)/settings/workflow/page.tsx 
[Server Component]


./components/selectors/UserSelector.tsx:15:1
Export AppUser doesn't exist in target module
[0m [90m 13 |[39m [36mimport[39m { useDebounce 
} [36mfrom[39m [32m"@/hooks/use-debounce"[39m
 [90m 14 |[39m [36mimport[39m { useUserSearch } 
[36mfrom[39m 
[32m"@/features/users/hooks/useUserSearch"[39m
[31m[1m>[22m[39m[90m 15 |[39m [36mimport[39m 
{ [33mAppUser[39m [36mas[39m [33mUser[39m } 
[36mfrom[39m [32m"@/types/entities"[39m
 [90m    |[39m [31m[1m^[22m[39m[31m[1m^[22m
[39m[31m[1m^[22m[39m[31m[1m^[22m[39m[31m[1m
^[22m[39m[31m[1m^[22m[39m[31m[1m^[22m[39m[
31m[1m^[22m[39m[31m[1m^[22m[39m[31m[1m^[22m
[39m[31m[1m^[22m[39m[31m[1m^[22m[39m[31m[1
m^[22m[39m[31m[1m^[22m[39m[31m[1m^[22m[39m
[31m[1m^[22m[39m[31m[1m^[22m[39m[31m[1m^[22
m[39m[31m[1m^[22m[39m[31m[1m^[22m[39m[31m[
1m^[22m[39m[31m[1m^[22m[39m[31m[1m^[22m[39m
[31m[1m^[22m[39m[31m[1m^[22m[39m[31m[1m^[2
2m[39m[31m[1m^[22m[39m[31m[1m^[22m[39m[31m
[1m^[22m[39m[31m[1m^[22m[39m[31m[1m^[22m[39
m[31m[1m^[22m[39m[31m[1m^[22m[39m[31m[1m^[
22m[39m[31m[1m^[22m[39m[31m[1m^[22m[39m[31m
[1m^[22m[39m[31m[1m^[22m[39m[31m[1m^[22m[3
9m[31m[1m^[22m[39m[31m[1m^[22m[39m[31m[1m^
[22m[39m[31m[1m^[22m[39m[31m[1m^[22m[39m[31
m[1m^[22m[39m[31m[1m^[22m[39m[31m[1m^[22m[
39m[31m[1m^[22m[39m[31m[1m^[22m[39m[31m[1m^
[22m[39m
 [90m 16 |[39m
 [90m 17 |[39m [36minterface[39m 
[33mUserSelectorProps[39m {
 [90m 18 |[39m     value[33m?[39m[33m:[39m 
number [33m|[39m [36mnull[39m[0m

The export AppUser was not found in module 
[project]/types/entities.ts [app-ssr] (ecmascript).
The module has no exports at all.
All exports of the module are statically known (It 
doesn't have dynamic exports). So it's known 
statically that the requested export doesn't exist.

Import traces:
  Client Component Browser:
    ./components/selectors/UserSelector.tsx [Client 
Component Browser]
    
./features/workflow/components/WorkflowSettings.tsx 
[Client Component Browser]
    
./features/workflow/components/WorkflowSettings.tsx 
[Server Component]
    ./app/(dashboard)/settings/workflow/page.tsx 
[Server Component]

  Client Component SSR:
    ./components/selectors/UserSelector.tsx [Client 
Component SSR]
    
./features/workflow/components/WorkflowSettings.tsx 
[Client Component SSR]
    
./features/workflow/components/WorkflowSettings.tsx 
[Server Component]
    ./app/(dashboard)/settings/workflow/page.tsx 
[Server Component]


    at <unknown> 
(./components/selectors/UserSelector.tsx:15:1)
    at <unknown> 
(./components/selectors/UserSelector.tsx:15:1)
