
> frontend@0.1.0 build
> next build

▲ Next.js 16.1.1 (Turbopack)
- Environments: .env.local
- Experiments (use with caution):
  · optimizePackageImports

  Creating an optimized production build ...
