components/forms/CategoryForm.tsx(14,8): error TS2307: Cannot find module '@/components/ui/dialog' or its corresponding type declarations.
components/forms/CategoryForm.tsx(22,8): error TS2307: Cannot find module '@/components/ui/form' or its corresponding type declarations.
components/forms/CategoryForm.tsx(29,8): error TS2307: Cannot find module '@/components/ui/select' or its corresponding type declarations.
components/forms/CategoryForm.tsx(30,23): error TS2307: Cannot find module '@/components/ui/input' or its corresponding type declarations.
components/forms/CategoryForm.tsx(31,24): error TS2307: Cannot find module '@/components/ui/button' or its corresponding type declarations.
components/forms/CategoryForm.tsx(32,17): error TS2307: Cannot find module '@/lib/api' or its corresponding type declarations.
components/forms/PricingRuleForm.tsx(3,8): error TS1259: Module '"C:/Users/PATRI/Nextcloud/Pato/Aplicaciones/ERPGrafico/frontend/node_modules/@types/react/index"' can only be default-imported using the 'esModuleInterop' flag
components/forms/PricingRuleForm.tsx(13,8): error TS2307: Cannot find module '@/components/ui/dialog' or its corresponding type declarations.
components/forms/PricingRuleForm.tsx(21,8): error TS2307: Cannot find module '@/components/ui/form' or its corresponding type declarations.
components/forms/PricingRuleForm.tsx(22,23): error TS2307: Cannot find module '@/components/ui/input' or its corresponding type declarations.
components/forms/PricingRuleForm.tsx(23,24): error TS2307: Cannot find module '@/components/ui/button' or its corresponding type declarations.
components/forms/PricingRuleForm.tsx(30,8): error TS2307: Cannot find module '@/components/ui/select' or its corresponding type declarations.
components/forms/PricingRuleForm.tsx(31,26): error TS2307: Cannot find module '@/components/ui/checkbox' or its corresponding type declarations.
components/forms/PricingRuleForm.tsx(32,17): error TS2307: Cannot find module '@/lib/api' or its corresponding type declarations.
components/forms/ProductForm.tsx(9,17): error TS2307: Cannot find module '@/lib/api' or its corresponding type declarations.
components/forms/ProductForm.tsx(17,8): error TS2307: Cannot find module '@/components/ui/dialog' or its corresponding type declarations.
components/forms/ProductForm.tsx(26,8): error TS2307: Cannot find module '@/components/ui/form' or its corresponding type declarations.
components/forms/ProductForm.tsx(27,23): error TS2307: Cannot find module '@/components/ui/input' or its corresponding type declarations.
components/forms/ProductForm.tsx(28,24): error TS2307: Cannot find module '@/components/ui/button' or its corresponding type declarations.
components/forms/ProductForm.tsx(35,8): error TS2307: Cannot find module '@/components/ui/select' or its corresponding type declarations.
components/forms/ProductForm.tsx(36,23): error TS2307: Cannot find module '@/components/ui/badge' or its corresponding type declarations.
components/forms/ProductForm.tsx(37,58): error TS2307: Cannot find module '@/components/ui/tabs' or its corresponding type declarations.
components/forms/ProductForm.tsx(38,79): error TS2307: Cannot find module '@/components/ui/table' or its corresponding type declarations.
components/forms/ProductForm.tsx(39,44): error TS2307: Cannot find module '@/components/ui/radio-group' or its corresponding type declarations.
components/forms/ProductForm.tsx(40,26): error TS2307: Cannot find module '@/components/ui/checkbox' or its corresponding type declarations.
components/forms/ProductForm.tsx(41,23): error TS2307: Cannot find module '@/components/ui/label' or its corresponding type declarations.
