components/forms/AccountForm.tsx(65,5): error TS2304: Cannot find name 'useEffect'.
components/forms/AccountForm.tsx(96,17): error TS2304: Cannot find name 'toast'.
components/forms/AccountForm.tsx(99,17): error TS2304: Cannot find name 'toast'.
components/forms/AccountForm.tsx(111,17): error TS2304: Cannot find name 'toast'.
components/forms/AccountForm.tsx(113,17): error TS2304: Cannot find name 'toast'.
components/forms/BankJournalForm.tsx(53,9): error TS2322: Type 'Resolver<{ name: string; code: string; account: string; currency?: string | undefined; }, any, { name: string; code: string; currency: string; account: string; }>' is not assignable to type 'Resolver<{ name: string; code: string; currency: string; account: string; }, any, { name: string; code: string; currency: string; account: string; }>'.
  Types of parameters 'options' and 'options' are incompatible.
    Type 'ResolverOptions<{ name: string; code: string; currency: string; account: string; }>' is not assignable to type 'ResolverOptions<{ name: string; code: string; account: string; currency?: string | undefined; }>'.
      Type 'string | undefined' is not assignable to type 'string'.
        Type 'undefined' is not assignable to type 'string'.
components/forms/BankJournalForm.tsx(120,55): error TS2345: Argument of type '(data: { name: string; code: string; currency: string; account: string; }) => Promise<void>' is not assignable to parameter of type 'SubmitHandler<TFieldValues>'.
  Types of parameters 'data' and 'data' are incompatible.
    Type 'TFieldValues' is not assignable to type '{ name: string; code: string; currency: string; account: string; }'.
      Type 'FieldValues' is missing the following properties from type '{ name: string; code: string; currency: string; account: string; }': name, code, currency, account
components/forms/BankJournalForm.tsx(122,29): error TS2322: Type 'Control<{ name: string; code: string; currency: string; account: string; }, any, TFieldValues>' is not assignable to type 'Control<{ name: string; code: string; currency: string; account: string; }, any, { name: string; code: string; currency: string; account: string; }>'.
  The types of '_options.resolver' are incompatible between these types.
    Type 'Resolver<{ name: string; code: string; currency: string; account: string; }, any, TFieldValues> | undefined' is not assignable to type 'Resolver<{ name: string; code: string; currency: string; account: string; }, any, { name: string; code: string; currency: string; account: string; }> | undefined'.
      Type 'Resolver<{ name: string; code: string; currency: string; account: string; }, any, TFieldValues>' is not assignable to type 'Resolver<{ name: string; code: string; currency: string; account: string; }, any, { name: string; code: string; currency: string; account: string; }>'.
        Type 'ResolverResult<{ name: string; code: string; currency: string; account: string; }, TFieldValues> | Promise<ResolverResult<{ name: string; code: string; currency: string; account: string; }, TFieldValues>>' is not assignable to type 'ResolverResult<{ name: string; code: string; currency: string; account: string; }, { name: string; code: string; currency: string; account: string; }> | Promise<ResolverResult<{ name: string; code: string; currency: string; account: string; }, { ...; }>>'.
          Type 'ResolverSuccess<TFieldValues>' is not assignable to type 'ResolverResult<{ name: string; code: string; currency: string; account: string; }, { name: string; code: string; currency: string; account: string; }> | Promise<ResolverResult<{ name: string; code: string; currency: string; account: string; }, { ...; }>>'.
            Type 'ResolverSuccess<TFieldValues>' is not assignable to type 'ResolverSuccess<{ name: string; code: string; currency: string; account: string; }>'.
              Type 'TFieldValues' is not assignable to type '{ name: string; code: string; currency: string; account: string; }'.
                Type 'FieldValues' is missing the following properties from type '{ name: string; code: string; currency: string; account: string; }': name, code, currency, account
components/forms/BankJournalForm.tsx(135,29): error TS2322: Type 'Control<{ name: string; code: string; currency: string; account: string; }, any, TFieldValues>' is not assignable to type 'Control<{ name: string; code: string; currency: string; account: string; }, any, { name: string; code: string; currency: string; account: string; }>'.
  The types of '_options.resolver' are incompatible between these types.
    Type 'Resolver<{ name: string; code: string; currency: string; account: string; }, any, TFieldValues> | undefined' is not assignable to type 'Resolver<{ name: string; code: string; currency: string; account: string; }, any, { name: string; code: string; currency: string; account: string; }> | undefined'.
      Type 'Resolver<{ name: string; code: string; currency: string; account: string; }, any, TFieldValues>' is not assignable to type 'Resolver<{ name: string; code: string; currency: string; account: string; }, any, { name: string; code: string; currency: string; account: string; }>'.
        Type 'ResolverResult<{ name: string; code: string; currency: string; account: string; }, TFieldValues> | Promise<ResolverResult<{ name: string; code: string; currency: string; account: string; }, TFieldValues>>' is not assignable to type 'ResolverResult<{ name: string; code: string; currency: string; account: string; }, { name: string; code: string; currency: string; account: string; }> | Promise<ResolverResult<{ name: string; code: string; currency: string; account: string; }, { ...; }>>'.
          Type 'ResolverSuccess<TFieldValues>' is not assignable to type 'ResolverResult<{ name: string; code: string; currency: string; account: string; }, { name: string; code: string; currency: string; account: string; }> | Promise<ResolverResult<{ name: string; code: string; currency: string; account: string; }, { ...; }>>'.
            Type 'ResolverSuccess<TFieldValues>' is not assignable to type 'ResolverSuccess<{ name: string; code: string; currency: string; account: string; }>'.
              Type 'TFieldValues' is not assignable to type '{ name: string; code: string; currency: string; account: string; }'.
                Type 'FieldValues' is missing the following properties from type '{ name: string; code: string; currency: string; account: string; }': name, code, currency, account
components/forms/BankJournalForm.tsx(148,29): error TS2322: Type 'Control<{ name: string; code: string; currency: string; account: string; }, any, TFieldValues>' is not assignable to type 'Control<{ name: string; code: string; currency: string; account: string; }, any, { name: string; code: string; currency: string; account: string; }>'.
  The types of '_options.resolver' are incompatible between these types.
    Type 'Resolver<{ name: string; code: string; currency: string; account: string; }, any, TFieldValues> | undefined' is not assignable to type 'Resolver<{ name: string; code: string; currency: string; account: string; }, any, { name: string; code: string; currency: string; account: string; }> | undefined'.
      Type 'Resolver<{ name: string; code: string; currency: string; account: string; }, any, TFieldValues>' is not assignable to type 'Resolver<{ name: string; code: string; currency: string; account: string; }, any, { name: string; code: string; currency: string; account: string; }>'.
        Type 'ResolverResult<{ name: string; code: string; currency: string; account: string; }, TFieldValues> | Promise<ResolverResult<{ name: string; code: string; currency: string; account: string; }, TFieldValues>>' is not assignable to type 'ResolverResult<{ name: string; code: string; currency: string; account: string; }, { name: string; code: string; currency: string; account: string; }> | Promise<ResolverResult<{ name: string; code: string; currency: string; account: string; }, { ...; }>>'.
          Type 'ResolverSuccess<TFieldValues>' is not assignable to type 'ResolverResult<{ name: string; code: string; currency: string; account: string; }, { name: string; code: string; currency: string; account: string; }> | Promise<ResolverResult<{ name: string; code: string; currency: string; account: string; }, { ...; }>>'.
            Type 'ResolverSuccess<TFieldValues>' is not assignable to type 'ResolverSuccess<{ name: string; code: string; currency: string; account: string; }>'.
              Type 'TFieldValues' is not assignable to type '{ name: string; code: string; currency: string; account: string; }'.
                Type 'FieldValues' is missing the following properties from type '{ name: string; code: string; currency: string; account: string; }': name, code, currency, account
components/forms/BankJournalForm.tsx(170,29): error TS2322: Type 'Control<{ name: string; code: string; currency: string; account: string; }, any, TFieldValues>' is not assignable to type 'Control<{ name: string; code: string; currency: string; account: string; }, any, { name: string; code: string; currency: string; account: string; }>'.
  The types of '_options.resolver' are incompatible between these types.
    Type 'Resolver<{ name: string; code: string; currency: string; account: string; }, any, TFieldValues> | undefined' is not assignable to type 'Resolver<{ name: string; code: string; currency: string; account: string; }, any, { name: string; code: string; currency: string; account: string; }> | undefined'.
      Type 'Resolver<{ name: string; code: string; currency: string; account: string; }, any, TFieldValues>' is not assignable to type 'Resolver<{ name: string; code: string; currency: string; account: string; }, any, { name: string; code: string; currency: string; account: string; }>'.
        Type 'ResolverResult<{ name: string; code: string; currency: string; account: string; }, TFieldValues> | Promise<ResolverResult<{ name: string; code: string; currency: string; account: string; }, TFieldValues>>' is not assignable to type 'ResolverResult<{ name: string; code: string; currency: string; account: string; }, { name: string; code: string; currency: string; account: string; }> | Promise<ResolverResult<{ name: string; code: string; currency: string; account: string; }, { ...; }>>'.
          Type 'ResolverSuccess<TFieldValues>' is not assignable to type 'ResolverResult<{ name: string; code: string; currency: string; account: string; }, { name: string; code: string; currency: string; account: string; }> | Promise<ResolverResult<{ name: string; code: string; currency: string; account: string; }, { ...; }>>'.
            Type 'ResolverSuccess<TFieldValues>' is not assignable to type 'ResolverSuccess<{ name: string; code: string; currency: string; account: string; }>'.
              Type 'TFieldValues' is not assignable to type '{ name: string; code: string; currency: string; account: string; }'.
                Type 'FieldValues' is missing the following properties from type '{ name: string; code: string; currency: string; account: string; }': name, code, currency, account
components/forms/JournalEntryForm.tsx(128,9): error TS2322: Type 'Resolver<{ date: Date; description: string; items: { account: string; debit: unknown; credit: unknown; id?: number | undefined; partner?: string | undefined; label?: string | undefined; }[]; reference?: string | undefined; }, any, { ...; }>' is not assignable to type 'Resolver<{ date: Date; description: string; items: { account: string; debit: number; credit: number; id?: number | undefined; partner?: string | undefined; label?: string | undefined; }[]; reference?: string | undefined; }, any, { ...; }>'.
  Types of parameters 'options' and 'options' are incompatible.
    Type 'ResolverOptions<{ date: Date; description: string; items: { account: string; debit: number; credit: number; id?: number | undefined; partner?: string | undefined; label?: string | undefined; }[]; reference?: string | undefined; }>' is not assignable to type 'ResolverOptions<{ date: Date; description: string; items: { account: string; debit: unknown; credit: unknown; id?: number | undefined; partner?: string | undefined; label?: string | undefined; }[]; reference?: string | undefined; }>'.
      Type '{ account: string; debit: unknown; credit: unknown; id?: number | undefined; partner?: string | undefined; label?: string | undefined; }[]' is not assignable to type '{ account: string; debit: number; credit: number; id?: number | undefined; partner?: string | undefined; label?: string | undefined; }[]'.
        Type '{ account: string; debit: unknown; credit: unknown; id?: number | undefined; partner?: string | undefined; label?: string | undefined; }' is not assignable to type '{ account: string; debit: number; credit: number; id?: number | undefined; partner?: string | undefined; label?: string | undefined; }'.
          Types of property 'debit' are incompatible.
            Type 'unknown' is not assignable to type 'number'.
components/forms/JournalEntryForm.tsx(214,55): error TS2345: Argument of type '(data: { date: Date; description: string; items: { account: string; debit: number; credit: number; id?: number | undefined; partner?: string | undefined; label?: string | undefined; }[]; reference?: string | undefined; }) => Promise<...>' is not assignable to parameter of type 'SubmitHandler<TFieldValues>'.
  Types of parameters 'data' and 'data' are incompatible.
    Type 'TFieldValues' is not assignable to type '{ date: Date; description: string; items: { account: string; debit: number; credit: number; id?: number | undefined; partner?: string | undefined; label?: string | undefined; }[]; reference?: string | undefined; }'.
      Type 'FieldValues' is missing the following properties from type '{ date: Date; description: string; items: { account: string; debit: number; credit: number; id?: number | undefined; partner?: string | undefined; label?: string | undefined; }[]; reference?: string | undefined; }': date, description, items
components/forms/JournalEntryForm.tsx(218,37): error TS2322: Type 'Control<{ date: Date; description: string; items: { account: string; debit: number; credit: number; id?: number | undefined; partner?: string | undefined; label?: string | undefined; }[]; reference?: string | undefined; }, any, TFieldValues>' is not assignable to type 'Control<{ date: Date; description: string; items: { account: string; debit: number; credit: number; id?: number | undefined; partner?: string | undefined; label?: string | undefined; }[]; reference?: string | undefined; }, any, { ...; }>'.
  The types of '_options.resolver' are incompatible between these types.
    Type 'Resolver<{ date: Date; description: string; items: { account: string; debit: number; credit: number; id?: number | undefined; partner?: string | undefined; label?: string | undefined; }[]; reference?: string | undefined; }, any, TFieldValues> | undefined' is not assignable to type 'Resolver<{ date: Date; description: string; items: { account: string; debit: number; credit: number; id?: number | undefined; partner?: string | undefined; label?: string | undefined; }[]; reference?: string | undefined; }, any, { ...; }> | undefined'.
      Type 'Resolver<{ date: Date; description: string; items: { account: string; debit: number; credit: number; id?: number | undefined; partner?: string | undefined; label?: string | undefined; }[]; reference?: string | undefined; }, any, TFieldValues>' is not assignable to type 'Resolver<{ date: Date; description: string; items: { account: string; debit: number; credit: number; id?: number | undefined; partner?: string | undefined; label?: string | undefined; }[]; reference?: string | undefined; }, any, { ...; }>'.
        Type 'ResolverResult<{ date: Date; description: string; items: { account: string; debit: number; credit: number; id?: number | undefined; partner?: string | undefined; label?: string | undefined; }[]; reference?: string | undefined; }, TFieldValues> | Promise<...>' is not assignable to type 'ResolverResult<{ date: Date; description: string; items: { account: string; debit: number; credit: number; id?: number | undefined; partner?: string | undefined; label?: string | undefined; }[]; reference?: string | undefined; }, { ...; }> | Promise<...>'.
          Type 'ResolverSuccess<TFieldValues>' is not assignable to type 'ResolverResult<{ date: Date; description: string; items: { account: string; debit: number; credit: number; id?: number | undefined; partner?: string | undefined; label?: string | undefined; }[]; reference?: string | undefined; }, { ...; }> | Promise<...>'.
            Type 'ResolverSuccess<TFieldValues>' is not assignable to type 'ResolverSuccess<{ date: Date; description: string; items: { account: string; debit: number; credit: number; id?: number | undefined; partner?: string | undefined; label?: string | undefined; }[]; reference?: string | undefined; }>'.
              Type 'TFieldValues' is not assignable to type '{ date: Date; description: string; items: { account: string; debit: number; credit: number; id?: number | undefined; partner?: string | undefined; label?: string | undefined; }[]; reference?: string | undefined; }'.
                Type 'FieldValues' is missing the following properties from type '{ date: Date; description: string; items: { account: string; debit: number; credit: number; id?: number | undefined; partner?: string | undefined; label?: string | undefined; }[]; reference?: string | undefined; }': date, description, items
components/forms/JournalEntryForm.tsx(261,37): error TS2322: Type 'Control<{ date: Date; description: string; items: { account: string; debit: number; credit: number; id?: number | undefined; partner?: string | undefined; label?: string | undefined; }[]; reference?: string | undefined; }, any, TFieldValues>' is not assignable to type 'Control<{ date: Date; description: string; items: { account: string; debit: number; credit: number; id?: number | undefined; partner?: string | undefined; label?: string | undefined; }[]; reference?: string | undefined; }, any, { ...; }>'.
  The types of '_options.resolver' are incompatible between these types.
    Type 'Resolver<{ date: Date; description: string; items: { account: string; debit: number; credit: number; id?: number | undefined; partner?: string | undefined; label?: string | undefined; }[]; reference?: string | undefined; }, any, TFieldValues> | undefined' is not assignable to type 'Resolver<{ date: Date; description: string; items: { account: string; debit: number; credit: number; id?: number | undefined; partner?: string | undefined; label?: string | undefined; }[]; reference?: string | undefined; }, any, { ...; }> | undefined'.
      Type 'Resolver<{ date: Date; description: string; items: { account: string; debit: number; credit: number; id?: number | undefined; partner?: string | undefined; label?: string | undefined; }[]; reference?: string | undefined; }, any, TFieldValues>' is not assignable to type 'Resolver<{ date: Date; description: string; items: { account: string; debit: number; credit: number; id?: number | undefined; partner?: string | undefined; label?: string | undefined; }[]; reference?: string | undefined; }, any, { ...; }>'.
        Type 'ResolverResult<{ date: Date; description: string; items: { account: string; debit: number; credit: number; id?: number | undefined; partner?: string | undefined; label?: string | undefined; }[]; reference?: string | undefined; }, TFieldValues> | Promise<...>' is not assignable to type 'ResolverResult<{ date: Date; description: string; items: { account: string; debit: number; credit: number; id?: number | undefined; partner?: string | undefined; label?: string | undefined; }[]; reference?: string | undefined; }, { ...; }> | Promise<...>'.
          Type 'ResolverSuccess<TFieldValues>' is not assignable to type 'ResolverResult<{ date: Date; description: string; items: { account: string; debit: number; credit: number; id?: number | undefined; partner?: string | undefined; label?: string | undefined; }[]; reference?: string | undefined; }, { ...; }> | Promise<...>'.
            Type 'ResolverSuccess<TFieldValues>' is not assignable to type 'ResolverSuccess<{ date: Date; description: string; items: { account: string; debit: number; credit: number; id?: number | undefined; partner?: string | undefined; label?: string | undefined; }[]; reference?: string | undefined; }>'.
              Type 'TFieldValues' is not assignable to type '{ date: Date; description: string; items: { account: string; debit: number; credit: number; id?: number | undefined; partner?: string | undefined; label?: string | undefined; }[]; reference?: string | undefined; }'.
                Type 'FieldValues' is missing the following properties from type '{ date: Date; description: string; items: { account: string; debit: number; credit: number; id?: number | undefined; partner?: string | undefined; label?: string | undefined; }[]; reference?: string | undefined; }': date, description, items
components/forms/JournalEntryForm.tsx(276,37): error TS2322: Type 'Control<{ date: Date; description: string; items: { account: string; debit: number; credit: number; id?: number | undefined; partner?: string | undefined; label?: string | undefined; }[]; reference?: string | undefined; }, any, TFieldValues>' is not assignable to type 'Control<{ date: Date; description: string; items: { account: string; debit: number; credit: number; id?: number | undefined; partner?: string | undefined; label?: string | undefined; }[]; reference?: string | undefined; }, any, { ...; }>'.
  The types of '_options.resolver' are incompatible between these types.
    Type 'Resolver<{ date: Date; description: string; items: { account: string; debit: number; credit: number; id?: number | undefined; partner?: string | undefined; label?: string | undefined; }[]; reference?: string | undefined; }, any, TFieldValues> | undefined' is not assignable to type 'Resolver<{ date: Date; description: string; items: { account: string; debit: number; credit: number; id?: number | undefined; partner?: string | undefined; label?: string | undefined; }[]; reference?: string | undefined; }, any, { ...; }> | undefined'.
      Type 'Resolver<{ date: Date; description: string; items: { account: string; debit: number; credit: number; id?: number | undefined; partner?: string | undefined; label?: string | undefined; }[]; reference?: string | undefined; }, any, TFieldValues>' is not assignable to type 'Resolver<{ date: Date; description: string; items: { account: string; debit: number; credit: number; id?: number | undefined; partner?: string | undefined; label?: string | undefined; }[]; reference?: string | undefined; }, any, { ...; }>'.
        Type 'ResolverResult<{ date: Date; description: string; items: { account: string; debit: number; credit: number; id?: number | undefined; partner?: string | undefined; label?: string | undefined; }[]; reference?: string | undefined; }, TFieldValues> | Promise<...>' is not assignable to type 'ResolverResult<{ date: Date; description: string; items: { account: string; debit: number; credit: number; id?: number | undefined; partner?: string | undefined; label?: string | undefined; }[]; reference?: string | undefined; }, { ...; }> | Promise<...>'.
          Type 'ResolverSuccess<TFieldValues>' is not assignable to type 'ResolverResult<{ date: Date; description: string; items: { account: string; debit: number; credit: number; id?: number | undefined; partner?: string | undefined; label?: string | undefined; }[]; reference?: string | undefined; }, { ...; }> | Promise<...>'.
            Type 'ResolverSuccess<TFieldValues>' is not assignable to type 'ResolverSuccess<{ date: Date; description: string; items: { account: string; debit: number; credit: number; id?: number | undefined; partner?: string | undefined; label?: string | undefined; }[]; reference?: string | undefined; }>'.
              Type 'TFieldValues' is not assignable to type '{ date: Date; description: string; items: { account: string; debit: number; credit: number; id?: number | undefined; partner?: string | undefined; label?: string | undefined; }[]; reference?: string | undefined; }'.
                Type 'FieldValues' is missing the following properties from type '{ date: Date; description: string; items: { account: string; debit: number; credit: number; id?: number | undefined; partner?: string | undefined; label?: string | undefined; }[]; reference?: string | undefined; }': date, description, items
components/forms/JournalEntryForm.tsx(307,53): error TS2322: Type 'Control<{ date: Date; description: string; items: { account: string; debit: number; credit: number; id?: number | undefined; partner?: string | undefined; label?: string | undefined; }[]; reference?: string | undefined; }, any, TFieldValues>' is not assignable to type 'Control<{ date: Date; description: string; items: { account: string; debit: number; credit: number; id?: number | undefined; partner?: string | undefined; label?: string | undefined; }[]; reference?: string | undefined; }, any, { ...; }>'.
  The types of '_options.resolver' are incompatible between these types.
    Type 'Resolver<{ date: Date; description: string; items: { account: string; debit: number; credit: number; id?: number | undefined; partner?: string | undefined; label?: string | undefined; }[]; reference?: string | undefined; }, any, TFieldValues> | undefined' is not assignable to type 'Resolver<{ date: Date; description: string; items: { account: string; debit: number; credit: number; id?: number | undefined; partner?: string | undefined; label?: string | undefined; }[]; reference?: string | undefined; }, any, { ...; }> | undefined'.
      Type 'Resolver<{ date: Date; description: string; items: { account: string; debit: number; credit: number; id?: number | undefined; partner?: string | undefined; label?: string | undefined; }[]; reference?: string | undefined; }, any, TFieldValues>' is not assignable to type 'Resolver<{ date: Date; description: string; items: { account: string; debit: number; credit: number; id?: number | undefined; partner?: string | undefined; label?: string | undefined; }[]; reference?: string | undefined; }, any, { ...; }>'.
        Type 'ResolverResult<{ date: Date; description: string; items: { account: string; debit: number; credit: number; id?: number | undefined; partner?: string | undefined; label?: string | undefined; }[]; reference?: string | undefined; }, TFieldValues> | Promise<...>' is not assignable to type 'ResolverResult<{ date: Date; description: string; items: { account: string; debit: number; credit: number; id?: number | undefined; partner?: string | undefined; label?: string | undefined; }[]; reference?: string | undefined; }, { ...; }> | Promise<...>'.
          Type 'ResolverSuccess<TFieldValues>' is not assignable to type 'ResolverResult<{ date: Date; description: string; items: { account: string; debit: number; credit: number; id?: number | undefined; partner?: string | undefined; label?: string | undefined; }[]; reference?: string | undefined; }, { ...; }> | Promise<...>'.
            Type 'ResolverSuccess<TFieldValues>' is not assignable to type 'ResolverSuccess<{ date: Date; description: string; items: { account: string; debit: number; credit: number; id?: number | undefined; partner?: string | undefined; label?: string | undefined; }[]; reference?: string | undefined; }>'.
              Type 'TFieldValues' is not assignable to type '{ date: Date; description: string; items: { account: string; debit: number; credit: number; id?: number | undefined; partner?: string | undefined; label?: string | undefined; }[]; reference?: string | undefined; }'.
                Type 'FieldValues' is missing the following properties from type '{ date: Date; description: string; items: { account: string; debit: number; credit: number; id?: number | undefined; partner?: string | undefined; label?: string | undefined; }[]; reference?: string | undefined; }': date, description, items
components/forms/JournalEntryForm.tsx(331,53): error TS2322: Type 'Control<{ date: Date; description: string; items: { account: string; debit: number; credit: number; id?: number | undefined; partner?: string | undefined; label?: string | undefined; }[]; reference?: string | undefined; }, any, TFieldValues>' is not assignable to type 'Control<{ date: Date; description: string; items: { account: string; debit: number; credit: number; id?: number | undefined; partner?: string | undefined; label?: string | undefined; }[]; reference?: string | undefined; }, any, { ...; }>'.
  The types of '_options.resolver' are incompatible between these types.
    Type 'Resolver<{ date: Date; description: string; items: { account: string; debit: number; credit: number; id?: number | undefined; partner?: string | undefined; label?: string | undefined; }[]; reference?: string | undefined; }, any, TFieldValues> | undefined' is not assignable to type 'Resolver<{ date: Date; description: string; items: { account: string; debit: number; credit: number; id?: number | undefined; partner?: string | undefined; label?: string | undefined; }[]; reference?: string | undefined; }, any, { ...; }> | undefined'.
      Type 'Resolver<{ date: Date; description: string; items: { account: string; debit: number; credit: number; id?: number | undefined; partner?: string | undefined; label?: string | undefined; }[]; reference?: string | undefined; }, any, TFieldValues>' is not assignable to type 'Resolver<{ date: Date; description: string; items: { account: string; debit: number; credit: number; id?: number | undefined; partner?: string | undefined; label?: string | undefined; }[]; reference?: string | undefined; }, any, { ...; }>'.
        Type 'ResolverResult<{ date: Date; description: string; items: { account: string; debit: number; credit: number; id?: number | undefined; partner?: string | undefined; label?: string | undefined; }[]; reference?: string | undefined; }, TFieldValues> | Promise<...>' is not assignable to type 'ResolverResult<{ date: Date; description: string; items: { account: string; debit: number; credit: number; id?: number | undefined; partner?: string | undefined; label?: string | undefined; }[]; reference?: string | undefined; }, { ...; }> | Promise<...>'.
          Type 'ResolverSuccess<TFieldValues>' is not assignable to type 'ResolverResult<{ date: Date; description: string; items: { account: string; debit: number; credit: number; id?: number | undefined; partner?: string | undefined; label?: string | undefined; }[]; reference?: string | undefined; }, { ...; }> | Promise<...>'.
            Type 'ResolverSuccess<TFieldValues>' is not assignable to type 'ResolverSuccess<{ date: Date; description: string; items: { account: string; debit: number; credit: number; id?: number | undefined; partner?: string | undefined; label?: string | undefined; }[]; reference?: string | undefined; }>'.
              Type 'TFieldValues' is not assignable to type '{ date: Date; description: string; items: { account: string; debit: number; credit: number; id?: number | undefined; partner?: string | undefined; label?: string | undefined; }[]; reference?: string | undefined; }'.
                Type 'FieldValues' is missing the following properties from type '{ date: Date; description: string; items: { account: string; debit: number; credit: number; id?: number | undefined; partner?: string | undefined; label?: string | undefined; }[]; reference?: string | undefined; }': date, description, items
components/forms/JournalEntryForm.tsx(344,53): error TS2322: Type 'Control<{ date: Date; description: string; items: { account: string; debit: number; credit: number; id?: number | undefined; partner?: string | undefined; label?: string | undefined; }[]; reference?: string | undefined; }, any, TFieldValues>' is not assignable to type 'Control<{ date: Date; description: string; items: { account: string; debit: number; credit: number; id?: number | undefined; partner?: string | undefined; label?: string | undefined; }[]; reference?: string | undefined; }, any, { ...; }>'.
  The types of '_options.resolver' are incompatible between these types.
    Type 'Resolver<{ date: Date; description: string; items: { account: string; debit: number; credit: number; id?: number | undefined; partner?: string | undefined; label?: string | undefined; }[]; reference?: string | undefined; }, any, TFieldValues> | undefined' is not assignable to type 'Resolver<{ date: Date; description: string; items: { account: string; debit: number; credit: number; id?: number | undefined; partner?: string | undefined; label?: string | undefined; }[]; reference?: string | undefined; }, any, { ...; }> | undefined'.
      Type 'Resolver<{ date: Date; description: string; items: { account: string; debit: number; credit: number; id?: number | undefined; partner?: string | undefined; label?: string | undefined; }[]; reference?: string | undefined; }, any, TFieldValues>' is not assignable to type 'Resolver<{ date: Date; description: string; items: { account: string; debit: number; credit: number; id?: number | undefined; partner?: string | undefined; label?: string | undefined; }[]; reference?: string | undefined; }, any, { ...; }>'.
        Type 'ResolverResult<{ date: Date; description: string; items: { account: string; debit: number; credit: number; id?: number | undefined; partner?: string | undefined; label?: string | undefined; }[]; reference?: string | undefined; }, TFieldValues> | Promise<...>' is not assignable to type 'ResolverResult<{ date: Date; description: string; items: { account: string; debit: number; credit: number; id?: number | undefined; partner?: string | undefined; label?: string | undefined; }[]; reference?: string | undefined; }, { ...; }> | Promise<...>'.
          Type 'ResolverSuccess<TFieldValues>' is not assignable to type 'ResolverResult<{ date: Date; description: string; items: { account: string; debit: number; credit: number; id?: number | undefined; partner?: string | undefined; label?: string | undefined; }[]; reference?: string | undefined; }, { ...; }> | Promise<...>'.
            Type 'ResolverSuccess<TFieldValues>' is not assignable to type 'ResolverSuccess<{ date: Date; description: string; items: { account: string; debit: number; credit: number; id?: number | undefined; partner?: string | undefined; label?: string | undefined; }[]; reference?: string | undefined; }>'.
              Type 'TFieldValues' is not assignable to type '{ date: Date; description: string; items: { account: string; debit: number; credit: number; id?: number | undefined; partner?: string | undefined; label?: string | undefined; }[]; reference?: string | undefined; }'.
                Type 'FieldValues' is missing the following properties from type '{ date: Date; description: string; items: { account: string; debit: number; credit: number; id?: number | undefined; partner?: string | undefined; label?: string | undefined; }[]; reference?: string | undefined; }': date, description, items
components/forms/JournalEntryForm.tsx(357,53): error TS2322: Type 'Control<{ date: Date; description: string; items: { account: string; debit: number; credit: number; id?: number | undefined; partner?: string | undefined; label?: string | undefined; }[]; reference?: string | undefined; }, any, TFieldValues>' is not assignable to type 'Control<{ date: Date; description: string; items: { account: string; debit: number; credit: number; id?: number | undefined; partner?: string | undefined; label?: string | undefined; }[]; reference?: string | undefined; }, any, { ...; }>'.
  The types of '_options.resolver' are incompatible between these types.
    Type 'Resolver<{ date: Date; description: string; items: { account: string; debit: number; credit: number; id?: number | undefined; partner?: string | undefined; label?: string | undefined; }[]; reference?: string | undefined; }, any, TFieldValues> | undefined' is not assignable to type 'Resolver<{ date: Date; description: string; items: { account: string; debit: number; credit: number; id?: number | undefined; partner?: string | undefined; label?: string | undefined; }[]; reference?: string | undefined; }, any, { ...; }> | undefined'.
      Type 'Resolver<{ date: Date; description: string; items: { account: string; debit: number; credit: number; id?: number | undefined; partner?: string | undefined; label?: string | undefined; }[]; reference?: string | undefined; }, any, TFieldValues>' is not assignable to type 'Resolver<{ date: Date; description: string; items: { account: string; debit: number; credit: number; id?: number | undefined; partner?: string | undefined; label?: string | undefined; }[]; reference?: string | undefined; }, any, { ...; }>'.
        Type 'ResolverResult<{ date: Date; description: string; items: { account: string; debit: number; credit: number; id?: number | undefined; partner?: string | undefined; label?: string | undefined; }[]; reference?: string | undefined; }, TFieldValues> | Promise<...>' is not assignable to type 'ResolverResult<{ date: Date; description: string; items: { account: string; debit: number; credit: number; id?: number | undefined; partner?: string | undefined; label?: string | undefined; }[]; reference?: string | undefined; }, { ...; }> | Promise<...>'.
          Type 'ResolverSuccess<TFieldValues>' is not assignable to type 'ResolverResult<{ date: Date; description: string; items: { account: string; debit: number; credit: number; id?: number | undefined; partner?: string | undefined; label?: string | undefined; }[]; reference?: string | undefined; }, { ...; }> | Promise<...>'.
            Type 'ResolverSuccess<TFieldValues>' is not assignable to type 'ResolverSuccess<{ date: Date; description: string; items: { account: string; debit: number; credit: number; id?: number | undefined; partner?: string | undefined; label?: string | undefined; }[]; reference?: string | undefined; }>'.
              Type 'TFieldValues' is not assignable to type '{ date: Date; description: string; items: { account: string; debit: number; credit: number; id?: number | undefined; partner?: string | undefined; label?: string | undefined; }[]; reference?: string | undefined; }'.
                Type 'FieldValues' is missing the following properties from type '{ date: Date; description: string; items: { account: string; debit: number; credit: number; id?: number | undefined; partner?: string | undefined; label?: string | undefined; }[]; reference?: string | undefined; }': date, description, items
components/forms/JournalEntryForm.tsx(391,47): error TS2322: Type 'Control<{ date: Date; description: string; items: { account: string; debit: number; credit: number; id?: number | undefined; partner?: string | undefined; label?: string | undefined; }[]; reference?: string | undefined; }, any, TFieldValues>' is not assignable to type 'Control<{ date: Date; description: string; items: { account: string; debit: number; credit: number; id?: number | undefined; partner?: string | undefined; label?: string | undefined; }[]; reference?: string | undefined; }>'.
  The types of '_options.resolver' are incompatible between these types.
    Type 'Resolver<{ date: Date; description: string; items: { account: string; debit: number; credit: number; id?: number | undefined; partner?: string | undefined; label?: string | undefined; }[]; reference?: string | undefined; }, any, TFieldValues> | undefined' is not assignable to type 'Resolver<{ date: Date; description: string; items: { account: string; debit: number; credit: number; id?: number | undefined; partner?: string | undefined; label?: string | undefined; }[]; reference?: string | undefined; }, any, { ...; }> | undefined'.
      Type 'Resolver<{ date: Date; description: string; items: { account: string; debit: number; credit: number; id?: number | undefined; partner?: string | undefined; label?: string | undefined; }[]; reference?: string | undefined; }, any, TFieldValues>' is not assignable to type 'Resolver<{ date: Date; description: string; items: { account: string; debit: number; credit: number; id?: number | undefined; partner?: string | undefined; label?: string | undefined; }[]; reference?: string | undefined; }, any, { ...; }>'.
        Type 'ResolverResult<{ date: Date; description: string; items: { account: string; debit: number; credit: number; id?: number | undefined; partner?: string | undefined; label?: string | undefined; }[]; reference?: string | undefined; }, TFieldValues> | Promise<...>' is not assignable to type 'ResolverResult<{ date: Date; description: string; items: { account: string; debit: number; credit: number; id?: number | undefined; partner?: string | undefined; label?: string | undefined; }[]; reference?: string | undefined; }, { ...; }> | Promise<...>'.
          Type 'ResolverSuccess<TFieldValues>' is not assignable to type 'ResolverResult<{ date: Date; description: string; items: { account: string; debit: number; credit: number; id?: number | undefined; partner?: string | undefined; label?: string | undefined; }[]; reference?: string | undefined; }, { ...; }> | Promise<...>'.
            Type 'ResolverSuccess<TFieldValues>' is not assignable to type 'ResolverSuccess<{ date: Date; description: string; items: { account: string; debit: number; credit: number; id?: number | undefined; partner?: string | undefined; label?: string | undefined; }[]; reference?: string | undefined; }>'.
              Type 'TFieldValues' is not assignable to type '{ date: Date; description: string; items: { account: string; debit: number; credit: number; id?: number | undefined; partner?: string | undefined; label?: string | undefined; }[]; reference?: string | undefined; }'.
                Type 'FieldValues' is missing the following properties from type '{ date: Date; description: string; items: { account: string; debit: number; credit: number; id?: number | undefined; partner?: string | undefined; label?: string | undefined; }[]; reference?: string | undefined; }': date, description, items
