Running Note Checkout Service tests...

============================================================
python : Traceback 
(most recent call 
last):
En línea: 1 
Carácter: 1
+ python manage.py 
test_note_checkout 
> test_output.txt 
2>&1
+ ~~~~~~~~~~~~~~~~~~
~~~~~~~~~~~~~~~~~~~~
~~~~~~~~~~~~~~~~~~~~
    + CategoryInfo  
            : NotS  
  pecified: (Trac   
 eback (most rec    
ent call last):    
:String) [], Re    
moteException
    + FullyQualifie 
   dErrorId : Nati  
  veCommandError
 
  File "C:\Users\PAT
RI\Nextcloud\Pato\Ap
licaciones\ERPGrafic
o\backend\manage.py"
, line 22, in 
<module>
    main()
    ~~~~^^
  File "C:\Users\PAT
RI\Nextcloud\Pato\Ap
licaciones\ERPGrafic
o\backend\manage.py"
, line 18, in main
    execute_from_com
mand_line(sys.argv)
    ~~~~~~~~~~~~~~~~
~~~~~~~~~^^^^^^^^^^
  File "C:\Users\PAT
RI\AppData\Local\Pro
grams\Python\Python3
13\Lib\site-packages
\django\core\managem
ent\__init__.py", 
line 442, in execute
_from_command_line
    
utility.execute()
    
~~~~~~~~~~~~~~~^^
  File "C:\Users\PAT
RI\AppData\Local\Pro
grams\Python\Python3
13\Lib\site-packages
\django\core\managem
ent\__init__.py", 
line 436, in execute
    self.fetch_comma
nd(subcommand).run_f
rom_argv(self.argv)
    ~~~~~~~~~~~~~~~~
~~~~~~~~~~~~~~~~~~~~
~~~~~~~~^^^^^^^^^^^
  File "C:\Users\PAT
RI\AppData\Local\Pro
grams\Python\Python3
13\Lib\site-packages
\django\core\managem
ent\base.py", line 
420, in 
run_from_argv
    
self.execute(*args, 
**cmd_options)
    ~~~~~~~~~~~~^^^^
^^^^^^^^^^^^^^^^^^
  File "C:\Users\PAT
RI\AppData\Local\Pro
grams\Python\Python3
13\Lib\site-packages
\django\core\managem
ent\base.py", line 
464, in execute
    output = 
self.handle(*args, 
**options)
  File "C:\Users\PAT
RI\Nextcloud\Pato\Ap
licaciones\ERPGrafic
o\backend\billing\ma
nagement\commands\te
st_note_checkout.py"
, line 11, in handle
    success = test_c
omplete_workflow()
  File "C:\Users\PAT
RI\AppData\Local\Pro
grams\Python\Python3
13\Lib\contextlib.py
", line 85, in inner
    return 
func(*args, **kwds)
  File "C:\Users\PAT
RI\Nextcloud\Pato\Ap
licaciones\ERPGrafic
o\backend\billing\te
st_note_manual.py", 
line 147, in test_co
mplete_workflow
    
print("\U0001f9ea 
TESTING NOTE 
CHECKOUT WORKFLOW")
    ~~~~~^^^^^^^^^^^
^^^^^^^^^^^^^^^^^^^^
^^^^^^
  File "C:\Users\PAT
RI\AppData\Local\Pro
grams\Python\Python3
13\Lib\encodings\cp1
252.py", line 19, 
in encode
    return codecs.ch
armap_encode(input,s
elf.errors,encoding_
table)[0]
           ~~~~~~~~~
~~~~~~~~~~~~^^^^^^^^
^^^^^^^^^^^^^^^^^^^^
^^^^^^
UnicodeEncodeError: 
'charmap' codec 
can't encode 
character 
'\U0001f9ea' in 
position 0: 
character maps to 
<undefined>
